[2026-07-09T10:33:56.989+0000] {manager.py:470} INFO - Processing files using up to 2 processes at a time 
[2026-07-09T10:33:56.989+0000] {manager.py:471} INFO - Process each file at most once every 30 seconds
[2026-07-09T10:33:56.989+0000] {manager.py:472} INFO - Checking for new files in /opt/airflow/dags every 300 seconds
[2026-07-09T10:33:56.989+0000] {manager.py:737} INFO - Searching for files in /opt/airflow/dags
[2026-07-09T10:33:56.990+0000] {manager.py:740} INFO - There are 1 files in /opt/airflow/dags
[2026-07-09T10:33:57.118+0000] {manager.py:878} INFO - 
================================================================================
DAG File Processing Stats

File Path                            PID  Runtime      # DAGs    # Errors  Last Runtime    Last Run
---------------------------------  -----  ---------  --------  ----------  --------------  ----------
/opt/airflow/dags/cdc_demo_dag.py    162  0.04s             0           0
================================================================================
[2026-07-09T10:34:27.306+0000] {manager.py:878} INFO - 
================================================================================
DAG File Processing Stats

File Path                          PID    Runtime      # DAGs    # Errors  Last Runtime    Last Run
---------------------------------  -----  ---------  --------  ----------  --------------  -------------------
/opt/airflow/dags/cdc_demo_dag.py                           1           0  7.50s           2026-07-09T10:34:04
================================================================================
[2026-07-09T10:34:57.911+0000] {manager.py:878} INFO - 
================================================================================
DAG File Processing Stats

File Path                          PID    Runtime      # DAGs    # Errors  Last Runtime    Last Run
---------------------------------  -----  ---------  --------  ----------  --------------  -------------------
/opt/airflow/dags/cdc_demo_dag.py                           1           0  0.13s           2026-07-09T10:34:34
================================================================================
[2026-07-09T10:35:28.212+0000] {manager.py:878} INFO - 
================================================================================
DAG File Processing Stats

File Path                          PID    Runtime      # DAGs    # Errors  Last Runtime    Last Run
---------------------------------  -----  ---------  --------  ----------  --------------  -------------------
/opt/airflow/dags/cdc_demo_dag.py                           1           0  1.17s           2026-07-09T10:35:06
================================================================================
[2026-07-09T10:35:58.411+0000] {manager.py:878} INFO - 
================================================================================
DAG File Processing Stats

File Path                          PID    Runtime      # DAGs    # Errors  Last Runtime    Last Run
---------------------------------  -----  ---------  --------  ----------  --------------  -------------------
/opt/airflow/dags/cdc_demo_dag.py                           1           0  1.29s           2026-07-09T10:35:37
================================================================================
[2026-07-09T10:36:28.898+0000] {manager.py:878} INFO - 
================================================================================
DAG File Processing Stats

File Path                          PID    Runtime      # DAGs    # Errors  Last Runtime    Last Run
---------------------------------  -----  ---------  --------  ----------  --------------  -------------------
/opt/airflow/dags/cdc_demo_dag.py                           1           0  0.10s           2026-07-09T10:36:07
================================================================================
[2026-07-09T10:36:59.148+0000] {manager.py:878} INFO - 
================================================================================
DAG File Processing Stats

File Path                          PID    Runtime      # DAGs    # Errors  Last Runtime    Last Run
---------------------------------  -----  ---------  --------  ----------  --------------  -------------------
/opt/airflow/dags/cdc_demo_dag.py                           1           0  0.69s           2026-07-09T10:36:38
================================================================================
[2026-07-09T10:37:29.990+0000] {manager.py:878} INFO - 
================================================================================
DAG File Processing Stats

File Path                          PID    Runtime      # DAGs    # Errors  Last Runtime    Last Run
---------------------------------  -----  ---------  --------  ----------  --------------  -------------------
/opt/airflow/dags/cdc_demo_dag.py                           1           0  0.10s           2026-07-09T10:37:08
================================================================================
[2026-07-09T10:38:00.255+0000] {manager.py:878} INFO - 
================================================================================
DAG File Processing Stats

File Path                          PID    Runtime      # DAGs    # Errors  Last Runtime    Last Run
---------------------------------  -----  ---------  --------  ----------  --------------  -------------------
/opt/airflow/dags/cdc_demo_dag.py                           1           0  0.11s           2026-07-09T10:37:39
================================================================================
[2026-07-09T10:38:30.464+0000] {manager.py:878} INFO - 
================================================================================
DAG File Processing Stats

File Path                          PID    Runtime      # DAGs    # Errors  Last Runtime    Last Run
---------------------------------  -----  ---------  --------  ----------  --------------  -------------------
/opt/airflow/dags/cdc_demo_dag.py                           1           0  1.01s           2026-07-09T10:38:10
================================================================================
[2026-07-09T10:38:57.661+0000] {manager.py:737} INFO - Searching for files in /opt/airflow/dags
[2026-07-09T10:38:57.665+0000] {manager.py:740} INFO - There are 1 files in /opt/airflow/dags
[2026-07-09T10:39:00.697+0000] {manager.py:878} INFO - 
================================================================================
DAG File Processing Stats

File Path                          PID    Runtime      # DAGs    # Errors  Last Runtime    Last Run
---------------------------------  -----  ---------  --------  ----------  --------------  -------------------
/opt/airflow/dags/cdc_demo_dag.py                           1           0  0.14s           2026-07-09T10:38:40
================================================================================
[2026-07-09T10:39:30.964+0000] {manager.py:878} INFO - 
================================================================================
DAG File Processing Stats

File Path                          PID    Runtime      # DAGs    # Errors  Last Runtime    Last Run
---------------------------------  -----  ---------  --------  ----------  --------------  -------------------
/opt/airflow/dags/cdc_demo_dag.py                           1           0  0.10s           2026-07-09T10:39:10
================================================================================
[2026-07-09T10:40:01.172+0000] {manager.py:878} INFO - 
================================================================================
DAG File Processing Stats

File Path                          PID    Runtime      # DAGs    # Errors  Last Runtime    Last Run
---------------------------------  -----  ---------  --------  ----------  --------------  -------------------
/opt/airflow/dags/cdc_demo_dag.py                           1           0  0.55s           2026-07-09T10:39:41
================================================================================
[2026-07-09T10:40:31.923+0000] {manager.py:878} INFO - 
================================================================================
DAG File Processing Stats

File Path                          PID    Runtime      # DAGs    # Errors  Last Runtime    Last Run
---------------------------------  -----  ---------  --------  ----------  --------------  -------------------
/opt/airflow/dags/cdc_demo_dag.py                           1           0  2.11s           2026-07-09T10:40:13
================================================================================
[2026-07-09T10:41:02.175+0000] {manager.py:878} INFO - 
================================================================================
DAG File Processing Stats

File Path                          PID    Runtime      # DAGs    # Errors  Last Runtime    Last Run
---------------------------------  -----  ---------  --------  ----------  --------------  -------------------
/opt/airflow/dags/cdc_demo_dag.py                           1           0  0.11s           2026-07-09T10:40:44
================================================================================
[2026-07-09T10:41:32.389+0000] {manager.py:878} INFO - 
================================================================================
DAG File Processing Stats

File Path                          PID    Runtime      # DAGs    # Errors  Last Runtime    Last Run
---------------------------------  -----  ---------  --------  ----------  --------------  -------------------
/opt/airflow/dags/cdc_demo_dag.py                           1           0  0.09s           2026-07-09T10:41:14
================================================================================
[2026-07-09T10:42:02.630+0000] {manager.py:878} INFO - 
================================================================================
DAG File Processing Stats

File Path                          PID    Runtime      # DAGs    # Errors  Last Runtime    Last Run
---------------------------------  -----  ---------  --------  ----------  --------------  -------------------
/opt/airflow/dags/cdc_demo_dag.py                           1           0  0.11s           2026-07-09T10:41:44
================================================================================
[2026-07-09T10:42:32.860+0000] {manager.py:878} INFO - 
================================================================================
DAG File Processing Stats

File Path                          PID    Runtime      # DAGs    # Errors  Last Runtime    Last Run
---------------------------------  -----  ---------  --------  ----------  --------------  -------------------
/opt/airflow/dags/cdc_demo_dag.py                           1           0  0.15s           2026-07-09T10:42:14
================================================================================
[2026-07-09T10:43:03.146+0000] {manager.py:878} INFO - 
================================================================================
DAG File Processing Stats

File Path                          PID    Runtime      # DAGs    # Errors  Last Runtime    Last Run
---------------------------------  -----  ---------  --------  ----------  --------------  -------------------
/opt/airflow/dags/cdc_demo_dag.py                           1           0  0.11s           2026-07-09T10:42:45
================================================================================
[2026-07-09T10:43:33.381+0000] {manager.py:878} INFO - 
================================================================================
DAG File Processing Stats

File Path                          PID    Runtime      # DAGs    # Errors  Last Runtime    Last Run
---------------------------------  -----  ---------  --------  ----------  --------------  -------------------
/opt/airflow/dags/cdc_demo_dag.py                           1           0  0.12s           2026-07-09T10:43:15
================================================================================
[2026-07-09T10:43:58.587+0000] {manager.py:737} INFO - Searching for files in /opt/airflow/dags
[2026-07-09T10:43:58.591+0000] {manager.py:740} INFO - There are 1 files in /opt/airflow/dags
[2026-07-09T10:44:03.636+0000] {manager.py:878} INFO - 
================================================================================
DAG File Processing Stats

File Path                          PID    Runtime      # DAGs    # Errors  Last Runtime    Last Run
---------------------------------  -----  ---------  --------  ----------  --------------  -------------------
/opt/airflow/dags/cdc_demo_dag.py                           1           0  0.11s           2026-07-09T10:43:45
================================================================================
[2026-07-09T10:44:33.847+0000] {manager.py:878} INFO - 
================================================================================
DAG File Processing Stats

File Path                          PID    Runtime      # DAGs    # Errors  Last Runtime    Last Run
---------------------------------  -----  ---------  --------  ----------  --------------  -------------------
/opt/airflow/dags/cdc_demo_dag.py                           1           0  0.09s           2026-07-09T10:44:15
================================================================================
[2026-07-09T10:45:04.105+0000] {manager.py:878} INFO - 
================================================================================
DAG File Processing Stats

File Path                          PID    Runtime      # DAGs    # Errors  Last Runtime    Last Run
---------------------------------  -----  ---------  --------  ----------  --------------  -------------------
/opt/airflow/dags/cdc_demo_dag.py                           1           0  0.11s           2026-07-09T10:44:46
================================================================================
[2026-07-09T10:45:34.323+0000] {manager.py:878} INFO - 
================================================================================
DAG File Processing Stats

File Path                          PID    Runtime      # DAGs    # Errors  Last Runtime    Last Run
---------------------------------  -----  ---------  --------  ----------  --------------  -------------------
/opt/airflow/dags/cdc_demo_dag.py                           1           0  0.10s           2026-07-09T10:45:16
================================================================================
[2026-07-09T10:46:04.560+0000] {manager.py:878} INFO - 
================================================================================
DAG File Processing Stats

File Path                          PID    Runtime      # DAGs    # Errors  Last Runtime    Last Run
---------------------------------  -----  ---------  --------  ----------  --------------  -------------------
/opt/airflow/dags/cdc_demo_dag.py                           1           0  0.58s           2026-07-09T10:45:46
================================================================================
[2026-07-09T10:46:35.302+0000] {manager.py:878} INFO - 
================================================================================
DAG File Processing Stats

File Path                          PID    Runtime      # DAGs    # Errors  Last Runtime    Last Run
---------------------------------  -----  ---------  --------  ----------  --------------  -------------------
/opt/airflow/dags/cdc_demo_dag.py                           1           0  0.10s           2026-07-09T10:46:17
================================================================================
[2026-07-09T10:47:05.557+0000] {manager.py:878} INFO - 
================================================================================
DAG File Processing Stats

File Path                          PID    Runtime      # DAGs    # Errors  Last Runtime    Last Run
---------------------------------  -----  ---------  --------  ----------  --------------  -------------------
/opt/airflow/dags/cdc_demo_dag.py                           1           0  1.07s           2026-07-09T10:46:48
================================================================================
[2026-07-09T10:47:35.766+0000] {manager.py:878} INFO - 
================================================================================
DAG File Processing Stats

File Path                          PID    Runtime      # DAGs    # Errors  Last Runtime    Last Run
---------------------------------  -----  ---------  --------  ----------  --------------  -------------------
/opt/airflow/dags/cdc_demo_dag.py                           1           0  1.22s           2026-07-09T10:47:19
================================================================================
[2026-07-09T10:48:06.148+0000] {manager.py:878} INFO - 
================================================================================
DAG File Processing Stats

File Path                          PID    Runtime      # DAGs    # Errors  Last Runtime    Last Run
---------------------------------  -----  ---------  --------  ----------  --------------  -------------------
/opt/airflow/dags/cdc_demo_dag.py                           1           0  1.16s           2026-07-09T10:47:51
================================================================================
[2026-07-09T10:48:36.356+0000] {manager.py:878} INFO - 
================================================================================
DAG File Processing Stats

File Path                          PID    Runtime      # DAGs    # Errors  Last Runtime    Last Run
---------------------------------  -----  ---------  --------  ----------  --------------  -------------------
/opt/airflow/dags/cdc_demo_dag.py                           1           0  0.11s           2026-07-09T10:48:21
================================================================================
[2026-07-09T10:48:58.611+0000] {manager.py:737} INFO - Searching for files in /opt/airflow/dags
[2026-07-09T10:48:58.616+0000] {manager.py:740} INFO - There are 1 files in /opt/airflow/dags
[2026-07-09T10:49:06.620+0000] {manager.py:878} INFO - 
================================================================================
DAG File Processing Stats

File Path                          PID    Runtime      # DAGs    # Errors  Last Runtime    Last Run
---------------------------------  -----  ---------  --------  ----------  --------------  -------------------
/opt/airflow/dags/cdc_demo_dag.py                           1           0  0.12s           2026-07-09T10:48:51
================================================================================
[2026-07-09T10:49:36.848+0000] {manager.py:878} INFO - 
================================================================================
DAG File Processing Stats

File Path                          PID    Runtime      # DAGs    # Errors  Last Runtime    Last Run
---------------------------------  -----  ---------  --------  ----------  --------------  -------------------
/opt/airflow/dags/cdc_demo_dag.py                           1           0  0.11s           2026-07-09T10:49:21
================================================================================
[2026-07-09T10:50:07.115+0000] {manager.py:878} INFO - 
================================================================================
DAG File Processing Stats

File Path                          PID    Runtime      # DAGs    # Errors  Last Runtime    Last Run
---------------------------------  -----  ---------  --------  ----------  --------------  -------------------
/opt/airflow/dags/cdc_demo_dag.py                           1           0  0.12s           2026-07-09T10:49:52
================================================================================
[2026-07-09T10:50:37.322+0000] {manager.py:878} INFO - 
================================================================================
DAG File Processing Stats

File Path                          PID    Runtime      # DAGs    # Errors  Last Runtime    Last Run
---------------------------------  -----  ---------  --------  ----------  --------------  -------------------
/opt/airflow/dags/cdc_demo_dag.py                           1           0  0.11s           2026-07-09T10:50:22
================================================================================
[2026-07-09T10:51:07.610+0000] {manager.py:878} INFO - 
================================================================================
DAG File Processing Stats

File Path                          PID    Runtime      # DAGs    # Errors  Last Runtime    Last Run
---------------------------------  -----  ---------  --------  ----------  --------------  -------------------
/opt/airflow/dags/cdc_demo_dag.py                           1           0  0.43s           2026-07-09T10:50:52
================================================================================
[2026-07-09T10:51:38.143+0000] {manager.py:878} INFO - 
================================================================================
DAG File Processing Stats

File Path                          PID    Runtime      # DAGs    # Errors  Last Runtime    Last Run
---------------------------------  -----  ---------  --------  ----------  --------------  -------------------
/opt/airflow/dags/cdc_demo_dag.py                           1           0  0.10s           2026-07-09T10:51:23
================================================================================
[2026-07-09T10:52:08.395+0000] {manager.py:878} INFO - 
================================================================================
DAG File Processing Stats

File Path                          PID    Runtime      # DAGs    # Errors  Last Runtime    Last Run
---------------------------------  -----  ---------  --------  ----------  --------------  -------------------
/opt/airflow/dags/cdc_demo_dag.py                           1           0  0.14s           2026-07-09T10:51:53
================================================================================
[2026-07-09T10:52:38.643+0000] {manager.py:878} INFO - 
================================================================================
DAG File Processing Stats

File Path                          PID    Runtime      # DAGs    # Errors  Last Runtime    Last Run
---------------------------------  -----  ---------  --------  ----------  --------------  -------------------
/opt/airflow/dags/cdc_demo_dag.py                           1           0  0.10s           2026-07-09T10:52:23
================================================================================
[2026-07-09T10:53:08.855+0000] {manager.py:878} INFO - 
================================================================================
DAG File Processing Stats

File Path                          PID    Runtime      # DAGs    # Errors  Last Runtime    Last Run
---------------------------------  -----  ---------  --------  ----------  --------------  -------------------
/opt/airflow/dags/cdc_demo_dag.py                           1           0  0.10s           2026-07-09T10:52:53
================================================================================
[2026-07-09T10:53:39.111+0000] {manager.py:878} INFO - 
================================================================================
DAG File Processing Stats

File Path                          PID    Runtime      # DAGs    # Errors  Last Runtime    Last Run
---------------------------------  -----  ---------  --------  ----------  --------------  -------------------
/opt/airflow/dags/cdc_demo_dag.py                           1           0  0.10s           2026-07-09T10:53:24
================================================================================
[2026-07-09T10:53:59.261+0000] {manager.py:737} INFO - Searching for files in /opt/airflow/dags
[2026-07-09T10:53:59.266+0000] {manager.py:740} INFO - There are 1 files in /opt/airflow/dags
[2026-07-09T10:54:09.341+0000] {manager.py:878} INFO - 
================================================================================
DAG File Processing Stats

File Path                          PID    Runtime      # DAGs    # Errors  Last Runtime    Last Run
---------------------------------  -----  ---------  --------  ----------  --------------  -------------------
/opt/airflow/dags/cdc_demo_dag.py                           1           0  0.10s           2026-07-09T10:53:54
================================================================================
[2026-07-09T10:54:39.582+0000] {manager.py:878} INFO - 
================================================================================
DAG File Processing Stats

File Path                          PID    Runtime      # DAGs    # Errors  Last Runtime    Last Run
---------------------------------  -----  ---------  --------  ----------  --------------  -------------------
/opt/airflow/dags/cdc_demo_dag.py                           1           0  0.11s           2026-07-09T10:54:24
================================================================================
[2026-07-09T10:55:09.824+0000] {manager.py:878} INFO - 
================================================================================
DAG File Processing Stats

File Path                          PID    Runtime      # DAGs    # Errors  Last Runtime    Last Run
---------------------------------  -----  ---------  --------  ----------  --------------  -------------------
/opt/airflow/dags/cdc_demo_dag.py                           1           0  0.10s           2026-07-09T10:54:54
================================================================================
[2026-07-09T10:55:40.052+0000] {manager.py:878} INFO - 
================================================================================
DAG File Processing Stats

File Path                          PID    Runtime      # DAGs    # Errors  Last Runtime    Last Run
---------------------------------  -----  ---------  --------  ----------  --------------  -------------------
/opt/airflow/dags/cdc_demo_dag.py                           1           0  0.11s           2026-07-09T10:55:25
================================================================================
[2026-07-09T10:56:10.299+0000] {manager.py:878} INFO - 
================================================================================
DAG File Processing Stats

File Path                          PID    Runtime      # DAGs    # Errors  Last Runtime    Last Run
---------------------------------  -----  ---------  --------  ----------  --------------  -------------------
/opt/airflow/dags/cdc_demo_dag.py                           1           0  1.17s           2026-07-09T10:55:56
================================================================================
[2026-07-09T10:56:40.594+0000] {manager.py:878} INFO - 
================================================================================
DAG File Processing Stats

File Path                          PID    Runtime      # DAGs    # Errors  Last Runtime    Last Run
---------------------------------  -----  ---------  --------  ----------  --------------  -------------------
/opt/airflow/dags/cdc_demo_dag.py                           1           0  0.34s           2026-07-09T10:56:26
================================================================================
[2026-07-09T10:57:11.021+0000] {manager.py:878} INFO - 
================================================================================
DAG File Processing Stats

File Path                          PID    Runtime      # DAGs    # Errors  Last Runtime    Last Run
---------------------------------  -----  ---------  --------  ----------  --------------  -------------------
/opt/airflow/dags/cdc_demo_dag.py                           1           0  0.09s           2026-07-09T10:56:57
================================================================================
[2026-07-09T10:57:41.268+0000] {manager.py:878} INFO - 
================================================================================
DAG File Processing Stats

File Path                          PID    Runtime      # DAGs    # Errors  Last Runtime    Last Run
---------------------------------  -----  ---------  --------  ----------  --------------  -------------------
/opt/airflow/dags/cdc_demo_dag.py                           1           0  0.11s           2026-07-09T10:57:27
================================================================================
[2026-07-09T10:58:11.480+0000] {manager.py:878} INFO - 
================================================================================
DAG File Processing Stats

File Path                          PID    Runtime      # DAGs    # Errors  Last Runtime    Last Run
---------------------------------  -----  ---------  --------  ----------  --------------  -------------------
/opt/airflow/dags/cdc_demo_dag.py                           1           0  0.12s           2026-07-09T10:57:57
================================================================================
[2026-07-09T10:58:41.755+0000] {manager.py:878} INFO - 
================================================================================
DAG File Processing Stats

File Path                          PID    Runtime      # DAGs    # Errors  Last Runtime    Last Run
---------------------------------  -----  ---------  --------  ----------  --------------  -------------------
/opt/airflow/dags/cdc_demo_dag.py                           1           0  0.12s           2026-07-09T10:58:27
================================================================================
[2026-07-09T10:58:59.886+0000] {manager.py:737} INFO - Searching for files in /opt/airflow/dags
[2026-07-09T10:58:59.891+0000] {manager.py:740} INFO - There are 1 files in /opt/airflow/dags
[2026-07-09T10:59:11.977+0000] {manager.py:878} INFO - 
================================================================================
DAG File Processing Stats

File Path                          PID    Runtime      # DAGs    # Errors  Last Runtime    Last Run
---------------------------------  -----  ---------  --------  ----------  --------------  -------------------
/opt/airflow/dags/cdc_demo_dag.py                           1           0  0.10s           2026-07-09T10:58:57
================================================================================
[2026-07-09T10:59:42.224+0000] {manager.py:878} INFO - 
================================================================================
DAG File Processing Stats

File Path                          PID    Runtime      # DAGs    # Errors  Last Runtime    Last Run
---------------------------------  -----  ---------  --------  ----------  --------------  -------------------
/opt/airflow/dags/cdc_demo_dag.py                           1           0  0.10s           2026-07-09T10:59:28
================================================================================
[2026-07-09T11:00:12.435+0000] {manager.py:878} INFO - 
================================================================================
DAG File Processing Stats

File Path                          PID    Runtime      # DAGs    # Errors  Last Runtime    Last Run
---------------------------------  -----  ---------  --------  ----------  --------------  -------------------
/opt/airflow/dags/cdc_demo_dag.py                           1           0  0.10s           2026-07-09T10:59:58
================================================================================
[2026-07-09T11:00:42.703+0000] {manager.py:878} INFO - 
================================================================================
DAG File Processing Stats

File Path                          PID    Runtime      # DAGs    # Errors  Last Runtime    Last Run
---------------------------------  -----  ---------  --------  ----------  --------------  -------------------
/opt/airflow/dags/cdc_demo_dag.py                           1           0  0.10s           2026-07-09T11:00:28
================================================================================
[2026-07-09T11:01:12.918+0000] {manager.py:878} INFO - 
================================================================================
DAG File Processing Stats

File Path                          PID    Runtime      # DAGs    # Errors  Last Runtime    Last Run
---------------------------------  -----  ---------  --------  ----------  --------------  -------------------
/opt/airflow/dags/cdc_demo_dag.py                           1           0  0.10s           2026-07-09T11:00:58
================================================================================
[2026-07-09T11:01:43.165+0000] {manager.py:878} INFO - 
================================================================================
DAG File Processing Stats

File Path                          PID    Runtime      # DAGs    # Errors  Last Runtime    Last Run
---------------------------------  -----  ---------  --------  ----------  --------------  -------------------
/opt/airflow/dags/cdc_demo_dag.py                           1           0  0.10s           2026-07-09T11:01:29
================================================================================
[2026-07-09T11:02:13.381+0000] {manager.py:878} INFO - 
================================================================================
DAG File Processing Stats

File Path                          PID    Runtime      # DAGs    # Errors  Last Runtime    Last Run
---------------------------------  -----  ---------  --------  ----------  --------------  -------------------
/opt/airflow/dags/cdc_demo_dag.py                           1           0  0.11s           2026-07-09T11:01:59
================================================================================
[2026-07-09T11:02:43.635+0000] {manager.py:878} INFO - 
================================================================================
DAG File Processing Stats

File Path                          PID    Runtime      # DAGs    # Errors  Last Runtime    Last Run
---------------------------------  -----  ---------  --------  ----------  --------------  -------------------
/opt/airflow/dags/cdc_demo_dag.py                           1           0  0.11s           2026-07-09T11:02:29
================================================================================
[2026-07-09T11:03:13.842+0000] {manager.py:878} INFO - 
================================================================================
DAG File Processing Stats

File Path                          PID    Runtime      # DAGs    # Errors  Last Runtime    Last Run
---------------------------------  -----  ---------  --------  ----------  --------------  -------------------
/opt/airflow/dags/cdc_demo_dag.py                           1           0  0.12s           2026-07-09T11:02:59
================================================================================
[2026-07-09T11:03:44.122+0000] {manager.py:878} INFO - 
================================================================================
DAG File Processing Stats

File Path                          PID    Runtime      # DAGs    # Errors  Last Runtime    Last Run
---------------------------------  -----  ---------  --------  ----------  --------------  -------------------
/opt/airflow/dags/cdc_demo_dag.py                           1           0  0.10s           2026-07-09T11:03:30
================================================================================
[2026-07-09T11:04:00.245+0000] {manager.py:737} INFO - Searching for files in /opt/airflow/dags
[2026-07-09T11:04:00.250+0000] {manager.py:740} INFO - There are 1 files in /opt/airflow/dags
[2026-07-09T11:04:14.363+0000] {manager.py:878} INFO - 
================================================================================
DAG File Processing Stats

File Path                          PID    Runtime      # DAGs    # Errors  Last Runtime    Last Run
---------------------------------  -----  ---------  --------  ----------  --------------  -------------------
/opt/airflow/dags/cdc_demo_dag.py                           1           0  0.10s           2026-07-09T11:04:00
================================================================================
[2026-07-09T11:04:44.599+0000] {manager.py:878} INFO - 
================================================================================
DAG File Processing Stats

File Path                          PID    Runtime      # DAGs    # Errors  Last Runtime    Last Run
---------------------------------  -----  ---------  --------  ----------  --------------  -------------------
/opt/airflow/dags/cdc_demo_dag.py                           1           0  0.10s           2026-07-09T11:04:30
================================================================================
[2026-07-09T11:05:14.844+0000] {manager.py:878} INFO - 
================================================================================
DAG File Processing Stats

File Path                          PID    Runtime      # DAGs    # Errors  Last Runtime    Last Run
---------------------------------  -----  ---------  --------  ----------  --------------  -------------------
/opt/airflow/dags/cdc_demo_dag.py                           1           0  0.10s           2026-07-09T11:05:00
================================================================================
[2026-07-09T11:05:45.058+0000] {manager.py:878} INFO - 
================================================================================
DAG File Processing Stats

File Path                          PID    Runtime      # DAGs    # Errors  Last Runtime    Last Run
---------------------------------  -----  ---------  --------  ----------  --------------  -------------------
/opt/airflow/dags/cdc_demo_dag.py                           1           0  0.11s           2026-07-09T11:05:31
================================================================================
[2026-07-09T11:06:15.335+0000] {manager.py:878} INFO - 
================================================================================
DAG File Processing Stats

File Path                          PID    Runtime      # DAGs    # Errors  Last Runtime    Last Run
---------------------------------  -----  ---------  --------  ----------  --------------  -------------------
/opt/airflow/dags/cdc_demo_dag.py                           1           0  0.10s           2026-07-09T11:06:01
================================================================================
[2026-07-09T11:06:45.544+0000] {manager.py:878} INFO - 
================================================================================
DAG File Processing Stats

File Path                          PID    Runtime      # DAGs    # Errors  Last Runtime    Last Run
---------------------------------  -----  ---------  --------  ----------  --------------  -------------------
/opt/airflow/dags/cdc_demo_dag.py                           1           0  1.06s           2026-07-09T11:06:32
================================================================================
[2026-07-09T11:07:15.790+0000] {manager.py:878} INFO - 
================================================================================
DAG File Processing Stats

File Path                          PID    Runtime      # DAGs    # Errors  Last Runtime    Last Run
---------------------------------  -----  ---------  --------  ----------  --------------  -------------------
/opt/airflow/dags/cdc_demo_dag.py                           1           0  0.13s           2026-07-09T11:07:02
================================================================================
[2026-07-09T11:07:46.047+0000] {manager.py:878} INFO - 
================================================================================
DAG File Processing Stats

File Path                          PID    Runtime      # DAGs    # Errors  Last Runtime    Last Run
---------------------------------  -----  ---------  --------  ----------  --------------  -------------------
/opt/airflow/dags/cdc_demo_dag.py                           1           0  0.11s           2026-07-09T11:07:33
================================================================================
[2026-07-09T11:08:16.271+0000] {manager.py:878} INFO - 
================================================================================
DAG File Processing Stats

File Path                          PID    Runtime      # DAGs    # Errors  Last Runtime    Last Run
---------------------------------  -----  ---------  --------  ----------  --------------  -------------------
/opt/airflow/dags/cdc_demo_dag.py                           1           0  0.10s           2026-07-09T11:08:03
================================================================================
[2026-07-09T11:08:46.522+0000] {manager.py:878} INFO - 
================================================================================
DAG File Processing Stats

File Path                          PID    Runtime      # DAGs    # Errors  Last Runtime    Last Run
---------------------------------  -----  ---------  --------  ----------  --------------  -------------------
/opt/airflow/dags/cdc_demo_dag.py                           1           0  0.11s           2026-07-09T11:08:33
================================================================================
[2026-07-09T11:09:00.620+0000] {manager.py:737} INFO - Searching for files in /opt/airflow/dags
[2026-07-09T11:09:00.624+0000] {manager.py:740} INFO - There are 1 files in /opt/airflow/dags
[2026-07-09T11:09:16.750+0000] {manager.py:878} INFO - 
================================================================================
DAG File Processing Stats

File Path                          PID    Runtime      # DAGs    # Errors  Last Runtime    Last Run
---------------------------------  -----  ---------  --------  ----------  --------------  -------------------
/opt/airflow/dags/cdc_demo_dag.py                           1           0  0.10s           2026-07-09T11:09:03
================================================================================
[2026-07-09T11:09:47.001+0000] {manager.py:878} INFO - 
================================================================================
DAG File Processing Stats

File Path                          PID    Runtime      # DAGs    # Errors  Last Runtime    Last Run
---------------------------------  -----  ---------  --------  ----------  --------------  -------------------
/opt/airflow/dags/cdc_demo_dag.py                           1           0  0.11s           2026-07-09T11:09:33
================================================================================
[2026-07-09T11:10:17.227+0000] {manager.py:878} INFO - 
================================================================================
DAG File Processing Stats

File Path                          PID    Runtime      # DAGs    # Errors  Last Runtime    Last Run
---------------------------------  -----  ---------  --------  ----------  --------------  -------------------
/opt/airflow/dags/cdc_demo_dag.py                           1           0  0.11s           2026-07-09T11:10:04
================================================================================
[2026-07-09T11:10:47.485+0000] {manager.py:878} INFO - 
================================================================================
DAG File Processing Stats

File Path                          PID    Runtime      # DAGs    # Errors  Last Runtime    Last Run
---------------------------------  -----  ---------  --------  ----------  --------------  -------------------
/opt/airflow/dags/cdc_demo_dag.py                           1           0  0.11s           2026-07-09T11:10:34
================================================================================
[2026-07-09T11:11:17.704+0000] {manager.py:878} INFO - 
================================================================================
DAG File Processing Stats

File Path                          PID    Runtime      # DAGs    # Errors  Last Runtime    Last Run
---------------------------------  -----  ---------  --------  ----------  --------------  -------------------
/opt/airflow/dags/cdc_demo_dag.py                           1           0  0.10s           2026-07-09T11:11:04
================================================================================
[2026-07-09T11:11:47.949+0000] {manager.py:878} INFO - 
================================================================================
DAG File Processing Stats

File Path                          PID    Runtime      # DAGs    # Errors  Last Runtime    Last Run
---------------------------------  -----  ---------  --------  ----------  --------------  -------------------
/opt/airflow/dags/cdc_demo_dag.py                           1           0  0.25s           2026-07-09T11:11:35
================================================================================
[2026-07-09T11:12:18.339+0000] {manager.py:878} INFO - 
================================================================================
DAG File Processing Stats

File Path                          PID    Runtime      # DAGs    # Errors  Last Runtime    Last Run
---------------------------------  -----  ---------  --------  ----------  --------------  -------------------
/opt/airflow/dags/cdc_demo_dag.py                           1           0  0.10s           2026-07-09T11:12:05
================================================================================
[2026-07-09T11:12:48.592+0000] {manager.py:878} INFO - 
================================================================================
DAG File Processing Stats

File Path                          PID    Runtime      # DAGs    # Errors  Last Runtime    Last Run
---------------------------------  -----  ---------  --------  ----------  --------------  -------------------
/opt/airflow/dags/cdc_demo_dag.py                           1           0  0.11s           2026-07-09T11:12:35
================================================================================
[2026-07-09T11:13:18.816+0000] {manager.py:878} INFO - 
================================================================================
DAG File Processing Stats

File Path                          PID    Runtime      # DAGs    # Errors  Last Runtime    Last Run
---------------------------------  -----  ---------  --------  ----------  --------------  -------------------
/opt/airflow/dags/cdc_demo_dag.py                           1           0  0.09s           2026-07-09T11:13:05
================================================================================
[2026-07-09T11:13:49.055+0000] {manager.py:878} INFO - 
================================================================================
DAG File Processing Stats

File Path                          PID    Runtime      # DAGs    # Errors  Last Runtime    Last Run
---------------------------------  -----  ---------  --------  ----------  --------------  -------------------
/opt/airflow/dags/cdc_demo_dag.py                           1           0  0.12s           2026-07-09T11:13:36
================================================================================
[2026-07-09T11:14:01.138+0000] {manager.py:737} INFO - Searching for files in /opt/airflow/dags
[2026-07-09T11:14:01.142+0000] {manager.py:740} INFO - There are 1 files in /opt/airflow/dags
[2026-07-09T11:14:19.261+0000] {manager.py:878} INFO - 
================================================================================
DAG File Processing Stats

File Path                          PID    Runtime      # DAGs    # Errors  Last Runtime    Last Run
---------------------------------  -----  ---------  --------  ----------  --------------  -------------------
/opt/airflow/dags/cdc_demo_dag.py                           1           0  0.99s           2026-07-09T11:14:07
================================================================================
[2026-07-09T11:14:49.455+0000] {manager.py:878} INFO - 
================================================================================
DAG File Processing Stats

File Path                          PID    Runtime      # DAGs    # Errors  Last Runtime    Last Run
---------------------------------  -----  ---------  --------  ----------  --------------  -------------------
/opt/airflow/dags/cdc_demo_dag.py                           1           0  0.11s           2026-07-09T11:14:37
================================================================================
[2026-07-09T11:15:19.745+0000] {manager.py:878} INFO - 
================================================================================
DAG File Processing Stats

File Path                          PID    Runtime      # DAGs    # Errors  Last Runtime    Last Run
---------------------------------  -----  ---------  --------  ----------  --------------  -------------------
/opt/airflow/dags/cdc_demo_dag.py                           1           0  0.09s           2026-07-09T11:15:07
================================================================================
[2026-07-09T11:15:49.952+0000] {manager.py:878} INFO - 
================================================================================
DAG File Processing Stats

File Path                          PID    Runtime      # DAGs    # Errors  Last Runtime    Last Run
---------------------------------  -----  ---------  --------  ----------  --------------  -------------------
/opt/airflow/dags/cdc_demo_dag.py                           1           0  0.24s           2026-07-09T11:15:38
================================================================================
[2026-07-09T11:16:20.376+0000] {manager.py:878} INFO - 
================================================================================
DAG File Processing Stats

File Path                          PID    Runtime      # DAGs    # Errors  Last Runtime    Last Run
---------------------------------  -----  ---------  --------  ----------  --------------  -------------------
/opt/airflow/dags/cdc_demo_dag.py                           1           0  1.23s           2026-07-09T11:16:09
================================================================================
[2026-07-09T11:16:50.759+0000] {manager.py:878} INFO - 
================================================================================
DAG File Processing Stats

File Path                          PID    Runtime      # DAGs    # Errors  Last Runtime    Last Run
---------------------------------  -----  ---------  --------  ----------  --------------  -------------------
/opt/airflow/dags/cdc_demo_dag.py                           1           0  0.38s           2026-07-09T11:16:40
================================================================================
[2026-07-09T11:17:20.790+0000] {manager.py:878} INFO - 
================================================================================
DAG File Processing Stats

File Path                          PID    Runtime      # DAGs    # Errors  Last Runtime    Last Run
---------------------------------  -----  ---------  --------  ----------  --------------  -------------------
/opt/airflow/dags/cdc_demo_dag.py                           1           0  0.45s           2026-07-09T11:17:10
================================================================================
[2026-07-09T11:17:50.983+0000] {manager.py:878} INFO - 
================================================================================
DAG File Processing Stats

File Path                          PID    Runtime      # DAGs    # Errors  Last Runtime    Last Run
---------------------------------  -----  ---------  --------  ----------  --------------  -------------------
/opt/airflow/dags/cdc_demo_dag.py                           1           0  0.11s           2026-07-09T11:17:41
================================================================================
[2026-07-09T11:18:21.274+0000] {manager.py:878} INFO - 
================================================================================
DAG File Processing Stats

File Path                          PID    Runtime      # DAGs    # Errors  Last Runtime    Last Run
---------------------------------  -----  ---------  --------  ----------  --------------  -------------------
/opt/airflow/dags/cdc_demo_dag.py                           1           0  0.10s           2026-07-09T11:18:11
================================================================================
[2026-07-09T11:18:51.478+0000] {manager.py:878} INFO - 
================================================================================
DAG File Processing Stats

File Path                          PID    Runtime      # DAGs    # Errors  Last Runtime    Last Run
---------------------------------  -----  ---------  --------  ----------  --------------  -------------------
/opt/airflow/dags/cdc_demo_dag.py                           1           0  0.46s           2026-07-09T11:18:41
================================================================================
[2026-07-09T11:19:01.544+0000] {manager.py:737} INFO - Searching for files in /opt/airflow/dags
[2026-07-09T11:19:01.548+0000] {manager.py:740} INFO - There are 1 files in /opt/airflow/dags
[2026-07-09T11:19:22.126+0000] {manager.py:878} INFO - 
================================================================================
DAG File Processing Stats

File Path                          PID    Runtime      # DAGs    # Errors  Last Runtime    Last Run
---------------------------------  -----  ---------  --------  ----------  --------------  -------------------
/opt/airflow/dags/cdc_demo_dag.py                           1           0  0.10s           2026-07-09T11:19:12
================================================================================
[2026-07-09T11:19:52.380+0000] {manager.py:878} INFO - 
================================================================================
DAG File Processing Stats

File Path                          PID    Runtime      # DAGs    # Errors  Last Runtime    Last Run
---------------------------------  -----  ---------  --------  ----------  --------------  -------------------
/opt/airflow/dags/cdc_demo_dag.py                           1           0  0.11s           2026-07-09T11:19:42
================================================================================
[2026-07-09T11:20:22.595+0000] {manager.py:878} INFO - 
================================================================================
DAG File Processing Stats

File Path                          PID    Runtime      # DAGs    # Errors  Last Runtime    Last Run
---------------------------------  -----  ---------  --------  ----------  --------------  -------------------
/opt/airflow/dags/cdc_demo_dag.py                           1           0  0.10s           2026-07-09T11:20:12
================================================================================
[2026-07-09T11:20:52.843+0000] {manager.py:878} INFO - 
================================================================================
DAG File Processing Stats

File Path                          PID    Runtime      # DAGs    # Errors  Last Runtime    Last Run
---------------------------------  -----  ---------  --------  ----------  --------------  -------------------
/opt/airflow/dags/cdc_demo_dag.py                           1           0  0.11s           2026-07-09T11:20:42
================================================================================
[2026-07-09T11:21:23.071+0000] {manager.py:878} INFO - 
================================================================================
DAG File Processing Stats

File Path                          PID    Runtime      # DAGs    # Errors  Last Runtime    Last Run
---------------------------------  -----  ---------  --------  ----------  --------------  -------------------
/opt/airflow/dags/cdc_demo_dag.py                           1           0  0.10s           2026-07-09T11:21:13
================================================================================
[2026-07-09T11:21:53.288+0000] {manager.py:878} INFO - 
================================================================================
DAG File Processing Stats

File Path                          PID    Runtime      # DAGs    # Errors  Last Runtime    Last Run
---------------------------------  -----  ---------  --------  ----------  --------------  -------------------
/opt/airflow/dags/cdc_demo_dag.py                           1           0  0.12s           2026-07-09T11:21:43
================================================================================
[2026-07-09T11:22:23.562+0000] {manager.py:878} INFO - 
================================================================================
DAG File Processing Stats

File Path                          PID    Runtime      # DAGs    # Errors  Last Runtime    Last Run
---------------------------------  -----  ---------  --------  ----------  --------------  -------------------
/opt/airflow/dags/cdc_demo_dag.py                           1           0  0.09s           2026-07-09T11:22:13
================================================================================
[2026-07-09T11:22:53.766+0000] {manager.py:878} INFO - 
================================================================================
DAG File Processing Stats

File Path                          PID    Runtime      # DAGs    # Errors  Last Runtime    Last Run
---------------------------------  -----  ---------  --------  ----------  --------------  -------------------
/opt/airflow/dags/cdc_demo_dag.py                           1           0  0.11s           2026-07-09T11:22:43
================================================================================
[2026-07-09T11:23:24.030+0000] {manager.py:878} INFO - 
================================================================================
DAG File Processing Stats

File Path                          PID    Runtime      # DAGs    # Errors  Last Runtime    Last Run
---------------------------------  -----  ---------  --------  ----------  --------------  -------------------
/opt/airflow/dags/cdc_demo_dag.py                           1           0  0.10s           2026-07-09T11:23:14
================================================================================
[2026-07-09T11:23:54.241+0000] {manager.py:878} INFO - 
================================================================================
DAG File Processing Stats

File Path                          PID    Runtime      # DAGs    # Errors  Last Runtime    Last Run
---------------------------------  -----  ---------  --------  ----------  --------------  -------------------
/opt/airflow/dags/cdc_demo_dag.py                           1           0  0.11s           2026-07-09T11:23:44
================================================================================
[2026-07-09T11:24:02.292+0000] {manager.py:737} INFO - Searching for files in /opt/airflow/dags
[2026-07-09T11:24:02.296+0000] {manager.py:740} INFO - There are 1 files in /opt/airflow/dags
[2026-07-09T11:24:24.518+0000] {manager.py:878} INFO - 
================================================================================
DAG File Processing Stats

File Path                          PID    Runtime      # DAGs    # Errors  Last Runtime    Last Run
---------------------------------  -----  ---------  --------  ----------  --------------  -------------------
/opt/airflow/dags/cdc_demo_dag.py                           1           0  0.11s           2026-07-09T11:24:14
================================================================================
[2026-07-09T11:24:54.735+0000] {manager.py:878} INFO - 
================================================================================
DAG File Processing Stats

File Path                          PID    Runtime      # DAGs    # Errors  Last Runtime    Last Run
---------------------------------  -----  ---------  --------  ----------  --------------  -------------------
/opt/airflow/dags/cdc_demo_dag.py                           1           0  0.10s           2026-07-09T11:24:44
================================================================================
[2026-07-09T11:25:24.994+0000] {manager.py:878} INFO - 
================================================================================
DAG File Processing Stats

File Path                          PID    Runtime      # DAGs    # Errors  Last Runtime    Last Run
---------------------------------  -----  ---------  --------  ----------  --------------  -------------------
/opt/airflow/dags/cdc_demo_dag.py                           1           0  0.11s           2026-07-09T11:25:14
================================================================================
[2026-07-09T11:25:55.212+0000] {manager.py:878} INFO - 
================================================================================
DAG File Processing Stats

File Path                          PID    Runtime      # DAGs    # Errors  Last Runtime    Last Run
---------------------------------  -----  ---------  --------  ----------  --------------  -------------------
/opt/airflow/dags/cdc_demo_dag.py                           1           0  0.10s           2026-07-09T11:25:45
================================================================================
[2026-07-09T11:26:25.425+0000] {manager.py:878} INFO - 
================================================================================
DAG File Processing Stats

File Path                          PID    Runtime      # DAGs    # Errors  Last Runtime    Last Run
---------------------------------  -----  ---------  --------  ----------  --------------  -------------------
/opt/airflow/dags/cdc_demo_dag.py                           1           0  1.02s           2026-07-09T11:26:16
================================================================================
[2026-07-09T11:26:55.646+0000] {manager.py:878} INFO - 
================================================================================
DAG File Processing Stats

File Path                          PID    Runtime      # DAGs    # Errors  Last Runtime    Last Run
---------------------------------  -----  ---------  --------  ----------  --------------  -------------------
/opt/airflow/dags/cdc_demo_dag.py                           1           0  0.11s           2026-07-09T11:26:46
================================================================================
[2026-07-09T11:27:25.890+0000] {manager.py:878} INFO - 
================================================================================
DAG File Processing Stats

File Path                          PID    Runtime      # DAGs    # Errors  Last Runtime    Last Run
---------------------------------  -----  ---------  --------  ----------  --------------  -------------------
/opt/airflow/dags/cdc_demo_dag.py                           1           0  0.11s           2026-07-09T11:27:16
================================================================================
[2026-07-09T11:27:56.121+0000] {manager.py:878} INFO - 
================================================================================
DAG File Processing Stats

File Path                          PID    Runtime      # DAGs    # Errors  Last Runtime    Last Run
---------------------------------  -----  ---------  --------  ----------  --------------  -------------------
/opt/airflow/dags/cdc_demo_dag.py                           1           0  0.10s           2026-07-09T11:27:47
================================================================================
[2026-07-09T11:28:26.352+0000] {manager.py:878} INFO - 
================================================================================
DAG File Processing Stats

File Path                          PID    Runtime      # DAGs    # Errors  Last Runtime    Last Run
---------------------------------  -----  ---------  --------  ----------  --------------  -------------------
/opt/airflow/dags/cdc_demo_dag.py                           1           0  0.12s           2026-07-09T11:28:17
================================================================================
[2026-07-09T11:28:56.611+0000] {manager.py:878} INFO - 
================================================================================
DAG File Processing Stats

File Path                          PID    Runtime      # DAGs    # Errors  Last Runtime    Last Run
---------------------------------  -----  ---------  --------  ----------  --------------  -------------------
/opt/airflow/dags/cdc_demo_dag.py                           1           0  0.11s           2026-07-09T11:28:47
================================================================================
[2026-07-09T11:29:02.651+0000] {manager.py:737} INFO - Searching for files in /opt/airflow/dags
[2026-07-09T11:29:02.655+0000] {manager.py:740} INFO - There are 1 files in /opt/airflow/dags
[2026-07-09T11:29:26.836+0000] {manager.py:878} INFO - 
================================================================================
DAG File Processing Stats

File Path                          PID    Runtime      # DAGs    # Errors  Last Runtime    Last Run
---------------------------------  -----  ---------  --------  ----------  --------------  -------------------
/opt/airflow/dags/cdc_demo_dag.py                           1           0  0.14s           2026-07-09T11:29:17
================================================================================
[2026-07-09T11:29:57.122+0000] {manager.py:878} INFO - 
================================================================================
DAG File Processing Stats

File Path                          PID    Runtime      # DAGs    # Errors  Last Runtime    Last Run
---------------------------------  -----  ---------  --------  ----------  --------------  -------------------
/opt/airflow/dags/cdc_demo_dag.py                           1           0  0.10s           2026-07-09T11:29:48
================================================================================
[2026-07-09T11:30:27.345+0000] {manager.py:878} INFO - 
================================================================================
DAG File Processing Stats

File Path                          PID    Runtime      # DAGs    # Errors  Last Runtime    Last Run
---------------------------------  -----  ---------  --------  ----------  --------------  -------------------
/opt/airflow/dags/cdc_demo_dag.py                           1           0  0.11s           2026-07-09T11:30:18
================================================================================
[2026-07-09T11:30:57.597+0000] {manager.py:878} INFO - 
================================================================================
DAG File Processing Stats

File Path                          PID    Runtime      # DAGs    # Errors  Last Runtime    Last Run
---------------------------------  -----  ---------  --------  ----------  --------------  -------------------
/opt/airflow/dags/cdc_demo_dag.py                           1           0  0.09s           2026-07-09T11:30:48
================================================================================
[2026-07-09T11:31:27.815+0000] {manager.py:878} INFO - 
================================================================================
DAG File Processing Stats

File Path                          PID    Runtime      # DAGs    # Errors  Last Runtime    Last Run
---------------------------------  -----  ---------  --------  ----------  --------------  -------------------
/opt/airflow/dags/cdc_demo_dag.py                           1           0  0.21s           2026-07-09T11:31:18
================================================================================
[2026-07-09T11:31:58.187+0000] {manager.py:878} INFO - 
================================================================================
DAG File Processing Stats

File Path                          PID    Runtime      # DAGs    # Errors  Last Runtime    Last Run
---------------------------------  -----  ---------  --------  ----------  --------------  -------------------
/opt/airflow/dags/cdc_demo_dag.py                           1           0  0.12s           2026-07-09T11:31:49
================================================================================
[2026-07-09T11:32:28.461+0000] {manager.py:878} INFO - 
================================================================================
DAG File Processing Stats

File Path                          PID    Runtime      # DAGs    # Errors  Last Runtime    Last Run
---------------------------------  -----  ---------  --------  ----------  --------------  -------------------
/opt/airflow/dags/cdc_demo_dag.py                           1           0  0.10s           2026-07-09T11:32:19
================================================================================
[2026-07-09T11:32:58.676+0000] {manager.py:878} INFO - 
================================================================================
DAG File Processing Stats

File Path                          PID    Runtime      # DAGs    # Errors  Last Runtime    Last Run
---------------------------------  -----  ---------  --------  ----------  --------------  -------------------
/opt/airflow/dags/cdc_demo_dag.py                           1           0  0.60s           2026-07-09T11:32:50
================================================================================
[2026-07-09T11:33:29.468+0000] {manager.py:878} INFO - 
================================================================================
DAG File Processing Stats

File Path                          PID    Runtime      # DAGs    # Errors  Last Runtime    Last Run
---------------------------------  -----  ---------  --------  ----------  --------------  -------------------
/opt/airflow/dags/cdc_demo_dag.py                           1           0  0.11s           2026-07-09T11:33:20
================================================================================
[2026-07-09T11:33:59.738+0000] {manager.py:878} INFO - 
================================================================================
DAG File Processing Stats

File Path                          PID    Runtime      # DAGs    # Errors  Last Runtime    Last Run
---------------------------------  -----  ---------  --------  ----------  --------------  -------------------
/opt/airflow/dags/cdc_demo_dag.py                           1           0  0.10s           2026-07-09T11:33:50
================================================================================
[2026-07-09T11:34:02.761+0000] {manager.py:737} INFO - Searching for files in /opt/airflow/dags
[2026-07-09T11:34:02.765+0000] {manager.py:740} INFO - There are 1 files in /opt/airflow/dags
[2026-07-09T11:34:29.852+0000] {manager.py:878} INFO - 
================================================================================
DAG File Processing Stats

File Path                          PID    Runtime      # DAGs    # Errors  Last Runtime    Last Run
---------------------------------  -----  ---------  --------  ----------  --------------  -------------------
/opt/airflow/dags/cdc_demo_dag.py                           1           0  0.90s           2026-07-09T11:34:21
================================================================================
[2026-07-09T11:35:00.123+0000] {manager.py:878} INFO - 
================================================================================
DAG File Processing Stats

File Path                          PID    Runtime      # DAGs    # Errors  Last Runtime    Last Run
---------------------------------  -----  ---------  --------  ----------  --------------  -------------------
/opt/airflow/dags/cdc_demo_dag.py                           1           0  0.10s           2026-07-09T11:34:52
================================================================================
[2026-07-09T11:35:30.343+0000] {manager.py:878} INFO - 
================================================================================
DAG File Processing Stats

File Path                          PID    Runtime      # DAGs    # Errors  Last Runtime    Last Run
---------------------------------  -----  ---------  --------  ----------  --------------  -------------------
/opt/airflow/dags/cdc_demo_dag.py                           1           0  0.10s           2026-07-09T11:35:22
================================================================================
[2026-07-09T11:36:00.588+0000] {manager.py:878} INFO - 
================================================================================
DAG File Processing Stats

File Path                          PID    Runtime      # DAGs    # Errors  Last Runtime    Last Run
---------------------------------  -----  ---------  --------  ----------  --------------  -------------------
/opt/airflow/dags/cdc_demo_dag.py                           1           0  0.56s           2026-07-09T11:35:53
================================================================================
[2026-07-09T11:36:30.791+0000] {manager.py:878} INFO - 
================================================================================
DAG File Processing Stats

File Path                          PID    Runtime      # DAGs    # Errors  Last Runtime    Last Run
---------------------------------  -----  ---------  --------  ----------  --------------  -------------------
/opt/airflow/dags/cdc_demo_dag.py                           1           0  0.62s           2026-07-09T11:36:23
================================================================================
[2026-07-09T11:37:01.068+0000] {manager.py:878} INFO - 
================================================================================
DAG File Processing Stats

File Path                          PID    Runtime      # DAGs    # Errors  Last Runtime    Last Run
---------------------------------  -----  ---------  --------  ----------  --------------  -------------------
/opt/airflow/dags/cdc_demo_dag.py                           1           0  0.14s           2026-07-09T11:36:54
================================================================================
[2026-07-09T11:37:31.299+0000] {manager.py:878} INFO - 
================================================================================
DAG File Processing Stats

File Path                          PID    Runtime      # DAGs    # Errors  Last Runtime    Last Run
---------------------------------  -----  ---------  --------  ----------  --------------  -------------------
/opt/airflow/dags/cdc_demo_dag.py                           1           0  0.10s           2026-07-09T11:37:24
================================================================================
[2026-07-09T11:38:01.533+0000] {manager.py:878} INFO - 
================================================================================
DAG File Processing Stats

File Path                          PID    Runtime      # DAGs    # Errors  Last Runtime    Last Run
---------------------------------  -----  ---------  --------  ----------  --------------  -------------------
/opt/airflow/dags/cdc_demo_dag.py                           1           0  0.11s           2026-07-09T11:37:54
================================================================================
[2026-07-09T11:38:31.776+0000] {manager.py:878} INFO - 
================================================================================
DAG File Processing Stats

File Path                          PID    Runtime      # DAGs    # Errors  Last Runtime    Last Run
---------------------------------  -----  ---------  --------  ----------  --------------  -------------------
/opt/airflow/dags/cdc_demo_dag.py                           1           0  0.10s           2026-07-09T11:38:24
================================================================================
[2026-07-09T11:39:01.997+0000] {manager.py:878} INFO - 
================================================================================
DAG File Processing Stats

File Path                          PID    Runtime      # DAGs    # Errors  Last Runtime    Last Run
---------------------------------  -----  ---------  --------  ----------  --------------  -------------------
/opt/airflow/dags/cdc_demo_dag.py                           1           0  0.11s           2026-07-09T11:38:55
================================================================================
[2026-07-09T11:39:03.005+0000] {manager.py:737} INFO - Searching for files in /opt/airflow/dags
[2026-07-09T11:39:03.009+0000] {manager.py:740} INFO - There are 1 files in /opt/airflow/dags
[2026-07-09T11:39:32.252+0000] {manager.py:878} INFO - 
================================================================================
DAG File Processing Stats

File Path                          PID    Runtime      # DAGs    # Errors  Last Runtime    Last Run
---------------------------------  -----  ---------  --------  ----------  --------------  -------------------
/opt/airflow/dags/cdc_demo_dag.py                           1           0  0.12s           2026-07-09T11:39:25
================================================================================
[2026-07-09T11:40:02.484+0000] {manager.py:878} INFO - 
================================================================================
DAG File Processing Stats

File Path                          PID    Runtime      # DAGs    # Errors  Last Runtime    Last Run
---------------------------------  -----  ---------  --------  ----------  --------------  -------------------
/opt/airflow/dags/cdc_demo_dag.py                           1           0  0.40s           2026-07-09T11:39:55
================================================================================
[2026-07-09T11:40:33.053+0000] {manager.py:878} INFO - 
================================================================================
DAG File Processing Stats

File Path                          PID    Runtime      # DAGs    # Errors  Last Runtime    Last Run
---------------------------------  -----  ---------  --------  ----------  --------------  -------------------
/opt/airflow/dags/cdc_demo_dag.py                           1           0  0.21s           2026-07-09T11:40:26
================================================================================
[2026-07-09T11:41:03.251+0000] {manager.py:878} INFO - 
================================================================================
DAG File Processing Stats

File Path                          PID    Runtime      # DAGs    # Errors  Last Runtime    Last Run
---------------------------------  -----  ---------  --------  ----------  --------------  -------------------
/opt/airflow/dags/cdc_demo_dag.py                           1           0  0.88s           2026-07-09T11:40:57
================================================================================
[2026-07-09T11:41:33.476+0000] {manager.py:878} INFO - 
================================================================================
DAG File Processing Stats

File Path                          PID    Runtime      # DAGs    # Errors  Last Runtime    Last Run
---------------------------------  -----  ---------  --------  ----------  --------------  -------------------
/opt/airflow/dags/cdc_demo_dag.py                           1           0  0.09s           2026-07-09T11:41:27
================================================================================
[2026-07-09T11:42:03.722+0000] {manager.py:878} INFO - 
================================================================================
DAG File Processing Stats

File Path                          PID    Runtime      # DAGs    # Errors  Last Runtime    Last Run
---------------------------------  -----  ---------  --------  ----------  --------------  -------------------
/opt/airflow/dags/cdc_demo_dag.py                           1           0  0.10s           2026-07-09T11:41:57
================================================================================
[2026-07-09T11:42:33.941+0000] {manager.py:878} INFO - 
================================================================================
DAG File Processing Stats

File Path                          PID    Runtime      # DAGs    # Errors  Last Runtime    Last Run
---------------------------------  -----  ---------  --------  ----------  --------------  -------------------
/opt/airflow/dags/cdc_demo_dag.py                           1           0  0.13s           2026-07-09T11:42:28
================================================================================
[2026-07-09T11:43:04.222+0000] {manager.py:878} INFO - 
================================================================================
DAG File Processing Stats

File Path                          PID    Runtime      # DAGs    # Errors  Last Runtime    Last Run
---------------------------------  -----  ---------  --------  ----------  --------------  -------------------
/opt/airflow/dags/cdc_demo_dag.py                           1           0  0.10s           2026-07-09T11:42:58
================================================================================
[2026-07-09T11:43:34.429+0000] {manager.py:878} INFO - 
================================================================================
DAG File Processing Stats

File Path                          PID    Runtime      # DAGs    # Errors  Last Runtime    Last Run
---------------------------------  -----  ---------  --------  ----------  --------------  -------------------
/opt/airflow/dags/cdc_demo_dag.py                           1           0  0.10s           2026-07-09T11:43:28
================================================================================
[2026-07-09T11:44:03.676+0000] {manager.py:737} INFO - Searching for files in /opt/airflow/dags
[2026-07-09T11:44:03.681+0000] {manager.py:740} INFO - There are 1 files in /opt/airflow/dags
[2026-07-09T11:44:04.695+0000] {manager.py:878} INFO - 
================================================================================
DAG File Processing Stats

File Path                          PID    Runtime      # DAGs    # Errors  Last Runtime    Last Run
---------------------------------  -----  ---------  --------  ----------  --------------  -------------------
/opt/airflow/dags/cdc_demo_dag.py                           1           0  0.11s           2026-07-09T11:43:58
================================================================================
[2026-07-09T11:44:34.912+0000] {manager.py:878} INFO - 
================================================================================
DAG File Processing Stats

File Path                          PID    Runtime      # DAGs    # Errors  Last Runtime    Last Run
---------------------------------  -----  ---------  --------  ----------  --------------  -------------------
/opt/airflow/dags/cdc_demo_dag.py                           1           0  0.10s           2026-07-09T11:44:28
================================================================================
[2026-07-09T11:45:05.166+0000] {manager.py:878} INFO - 
================================================================================
DAG File Processing Stats

File Path                          PID    Runtime      # DAGs    # Errors  Last Runtime    Last Run
---------------------------------  -----  ---------  --------  ----------  --------------  -------------------
/opt/airflow/dags/cdc_demo_dag.py                           1           0  0.10s           2026-07-09T11:44:59
================================================================================
[2026-07-09T11:45:35.386+0000] {manager.py:878} INFO - 
================================================================================
DAG File Processing Stats

File Path                          PID    Runtime      # DAGs    # Errors  Last Runtime    Last Run
---------------------------------  -----  ---------  --------  ----------  --------------  -------------------
/opt/airflow/dags/cdc_demo_dag.py                           1           0  0.14s           2026-07-09T11:45:29
================================================================================
[2026-07-09T11:46:05.584+0000] {manager.py:878} INFO - 
================================================================================
DAG File Processing Stats

File Path                          PID    Runtime      # DAGs    # Errors  Last Runtime    Last Run
---------------------------------  -----  ---------  --------  ----------  --------------  -------------------
/opt/airflow/dags/cdc_demo_dag.py                           1           0  0.10s           2026-07-09T11:45:59
================================================================================
[2026-07-09T11:46:35.845+0000] {manager.py:878} INFO - 
================================================================================
DAG File Processing Stats

File Path                          PID    Runtime      # DAGs    # Errors  Last Runtime    Last Run
---------------------------------  -----  ---------  --------  ----------  --------------  -------------------
/opt/airflow/dags/cdc_demo_dag.py                           1           0  0.11s           2026-07-09T11:46:29
================================================================================
[2026-07-09T11:47:06.058+0000] {manager.py:878} INFO - 
================================================================================
DAG File Processing Stats

File Path                          PID    Runtime      # DAGs    # Errors  Last Runtime    Last Run
---------------------------------  -----  ---------  --------  ----------  --------------  -------------------
/opt/airflow/dags/cdc_demo_dag.py                           1           0  0.44s           2026-07-09T11:47:00
================================================================================
[2026-07-09T11:47:36.692+0000] {manager.py:878} INFO - 
================================================================================
DAG File Processing Stats

File Path                          PID    Runtime      # DAGs    # Errors  Last Runtime    Last Run
---------------------------------  -----  ---------  --------  ----------  --------------  -------------------
/opt/airflow/dags/cdc_demo_dag.py                           1           0  0.10s           2026-07-09T11:47:30
================================================================================
[2026-07-09T11:48:06.943+0000] {manager.py:878} INFO - 
================================================================================
DAG File Processing Stats

File Path                          PID    Runtime      # DAGs    # Errors  Last Runtime    Last Run
---------------------------------  -----  ---------  --------  ----------  --------------  -------------------
/opt/airflow/dags/cdc_demo_dag.py                           1           0  0.16s           2026-07-09T11:48:01
================================================================================
[2026-07-09T11:48:37.208+0000] {manager.py:878} INFO - 
================================================================================
DAG File Processing Stats

File Path                          PID    Runtime      # DAGs    # Errors  Last Runtime    Last Run
---------------------------------  -----  ---------  --------  ----------  --------------  -------------------
/opt/airflow/dags/cdc_demo_dag.py                           1           0  0.09s           2026-07-09T11:48:31
================================================================================
[2026-07-09T11:49:03.934+0000] {manager.py:737} INFO - Searching for files in /opt/airflow/dags
[2026-07-09T11:49:03.938+0000] {manager.py:740} INFO - There are 1 files in /opt/airflow/dags
[2026-07-09T11:49:07.422+0000] {manager.py:878} INFO - 
================================================================================
DAG File Processing Stats

File Path                          PID    Runtime      # DAGs    # Errors  Last Runtime    Last Run
---------------------------------  -----  ---------  --------  ----------  --------------  -------------------
/opt/airflow/dags/cdc_demo_dag.py                           1           0  0.54s           2026-07-09T11:49:01
================================================================================
[2026-07-09T11:49:38.170+0000] {manager.py:878} INFO - 
================================================================================
DAG File Processing Stats

File Path                          PID    Runtime      # DAGs    # Errors  Last Runtime    Last Run
---------------------------------  -----  ---------  --------  ----------  --------------  -------------------
/opt/airflow/dags/cdc_demo_dag.py                           1           0  0.10s           2026-07-09T11:49:32
================================================================================
[2026-07-09T11:50:08.434+0000] {manager.py:878} INFO - 
================================================================================
DAG File Processing Stats

File Path                          PID    Runtime      # DAGs    # Errors  Last Runtime    Last Run
---------------------------------  -----  ---------  --------  ----------  --------------  -------------------
/opt/airflow/dags/cdc_demo_dag.py                           1           0  0.10s           2026-07-09T11:50:02
================================================================================
[2026-07-09T11:50:38.650+0000] {manager.py:878} INFO - 
================================================================================
DAG File Processing Stats

File Path                          PID    Runtime      # DAGs    # Errors  Last Runtime    Last Run
---------------------------------  -----  ---------  --------  ----------  --------------  -------------------
/opt/airflow/dags/cdc_demo_dag.py                           1           0  0.10s           2026-07-09T11:50:32
================================================================================
[2026-07-09T11:51:08.896+0000] {manager.py:878} INFO - 
================================================================================
DAG File Processing Stats

File Path                          PID    Runtime      # DAGs    # Errors  Last Runtime    Last Run
---------------------------------  -----  ---------  --------  ----------  --------------  -------------------
/opt/airflow/dags/cdc_demo_dag.py                           1           0  0.10s           2026-07-09T11:51:02
================================================================================
[2026-07-09T11:51:39.108+0000] {manager.py:878} INFO - 
================================================================================
DAG File Processing Stats

File Path                          PID    Runtime      # DAGs    # Errors  Last Runtime    Last Run
---------------------------------  -----  ---------  --------  ----------  --------------  -------------------
/opt/airflow/dags/cdc_demo_dag.py                           1           0  0.11s           2026-07-09T11:51:33
================================================================================
